
  You can now view your Streamlit app in your browser.

  URL: http://0.0.0.0:8502

Exception in callback AppSession._on_scriptrunner_event.<locals>.<lambda>() at /usr/local/lib/python3.12/site-packages/streamlit/runtime/app_session.py:519
handle: <Handle AppSession._on_scriptrunner_event.<locals>.<lambda>() at /usr/local/lib/python3.12/site-packages/streamlit/runtime/app_session.py:519>
Traceback (most recent call last):
  File "/usr/local/lib/python3.12/asyncio/events.py", line 88, in _run
    self._context.run(self._callback, *self._args)
  File "/usr/local/lib/python3.12/site-packages/streamlit/runtime/app_session.py", line 519, in <lambda>
    lambda: self._handle_scriptrunner_event_on_event_loop(
            ^^^^^^^^^^^^^^^^^^^^^^^^^^^^^^^^^^^^^^^^^^^^^^
  File "/usr/local/lib/python3.12/site-packages/streamlit/runtime/app_session.py", line 616, in _handle_scriptrunner_event_on_event_loop
    msg = self._create_new_session_message(
          ^^^^^^^^^^^^^^^^^^^^^^^^^^^^^^^^^
  File "/usr/local/lib/python3.12/site-packages/streamlit/runtime/app_session.py", line 750, in _create_new_session_message
    _populate_user_info_msg(imsg.user_info)
  File "/usr/local/lib/python3.12/site-packages/streamlit/runtime/app_session.py", line 1154, in _populate_user_info_msg
    inst = Installation.instance()
           ^^^^^^^^^^^^^^^^^^^^^^^
  File "/usr/local/lib/python3.12/site-packages/streamlit/runtime/metrics_util.py", line 228, in instance
    cls._instance = Installation()
                    ^^^^^^^^^^^^^^
  File "/usr/local/lib/python3.12/site-packages/streamlit/runtime/metrics_util.py", line 233, in __init__
    uuid.uuid5(uuid.NAMESPACE_DNS, _get_machine_id_v3())
                                   ^^^^^^^^^^^^^^^^^^^^
  File "/usr/local/lib/python3.12/site-packages/streamlit/runtime/metrics_util.py", line 173, in _get_machine_id_v3
    machine_id = f.read()
                 ^^^^^^^^
  File "<frozen codecs>", line 322, in decode
UnicodeDecodeError: 'utf-8' codec can't decode bytes in position 25-26: invalid continuation byte
Exception in callback AppSession._on_scriptrunner_event.<locals>.<lambda>() at /usr/local/lib/python3.12/site-packages/streamlit/runtime/app_session.py:519
handle: <Handle AppSession._on_scriptrunner_event.<locals>.<lambda>() at /usr/local/lib/python3.12/site-packages/streamlit/runtime/app_session.py:519>
Traceback (most recent call last):
  File "/usr/local/lib/python3.12/asyncio/events.py", line 88, in _run
    self._context.run(self._callback, *self._args)
  File "/usr/local/lib/python3.12/site-packages/streamlit/runtime/app_session.py", line 519, in <lambda>
    lambda: self._handle_scriptrunner_event_on_event_loop(
            ^^^^^^^^^^^^^^^^^^^^^^^^^^^^^^^^^^^^^^^^^^^^^^
  File "/usr/local/lib/python3.12/site-packages/streamlit/runtime/app_session.py", line 616, in _handle_scriptrunner_event_on_event_loop
    msg = self._create_new_session_message(
          ^^^^^^^^^^^^^^^^^^^^^^^^^^^^^^^^^
  File "/usr/local/lib/python3.12/site-packages/streamlit/runtime/app_session.py", line 750, in _create_new_session_message
    _populate_user_info_msg(imsg.user_info)
  File "/usr/local/lib/python3.12/site-packages/streamlit/runtime/app_session.py", line 1154, in _populate_user_info_msg
    inst = Installation.instance()
           ^^^^^^^^^^^^^^^^^^^^^^^
  File "/usr/local/lib/python3.12/site-packages/streamlit/runtime/metrics_util.py", line 228, in instance
    cls._instance = Installation()
                    ^^^^^^^^^^^^^^
  File "/usr/local/lib/python3.12/site-packages/streamlit/runtime/metrics_util.py", line 233, in __init__
    uuid.uuid5(uuid.NAMESPACE_DNS, _get_machine_id_v3())
                                   ^^^^^^^^^^^^^^^^^^^^
  File "/usr/local/lib/python3.12/site-packages/streamlit/runtime/metrics_util.py", line 173, in _get_machine_id_v3
    machine_id = f.read()
                 ^^^^^^^^
  File "<frozen codecs>", line 322, in decode
UnicodeDecodeError: 'utf-8' codec can't decode bytes in position 25-26: invalid continuation byte
Exception in callback AppSession._on_scriptrunner_event.<locals>.<lambda>() at /usr/local/lib/python3.12/site-packages/streamlit/runtime/app_session.py:519
handle: <Handle AppSession._on_scriptrunner_event.<locals>.<lambda>() at /usr/local/lib/python3.12/site-packages/streamlit/runtime/app_session.py:519>
Traceback (most recent call last):
  File "/usr/local/lib/python3.12/asyncio/events.py", line 88, in _run
    self._context.run(self._callback, *self._args)
  File "/usr/local/lib/python3.12/site-packages/streamlit/runtime/app_session.py", line 519, in <lambda>
    lambda: self._handle_scriptrunner_event_on_event_loop(
            ^^^^^^^^^^^^^^^^^^^^^^^^^^^^^^^^^^^^^^^^^^^^^^
  File "/usr/local/lib/python3.12/site-packages/streamlit/runtime/app_session.py", line 616, in _handle_scriptrunner_event_on_event_loop
    msg = self._create_new_session_message(
          ^^^^^^^^^^^^^^^^^^^^^^^^^^^^^^^^^
  File "/usr/local/lib/python3.12/site-packages/streamlit/runtime/app_session.py", line 750, in _create_new_session_message
    _populate_user_info_msg(imsg.user_info)
  File "/usr/local/lib/python3.12/site-packages/streamlit/runtime/app_session.py", line 1154, in _populate_user_info_msg
    inst = Installation.instance()
           ^^^^^^^^^^^^^^^^^^^^^^^
  File "/usr/local/lib/python3.12/site-packages/streamlit/runtime/metrics_util.py", line 228, in instance
    cls._instance = Installation()
                    ^^^^^^^^^^^^^^
  File "/usr/local/lib/python3.12/site-packages/streamlit/runtime/metrics_util.py", line 233, in __init__
    uuid.uuid5(uuid.NAMESPACE_DNS, _get_machine_id_v3())
                                   ^^^^^^^^^^^^^^^^^^^^
  File "/usr/local/lib/python3.12/site-packages/streamlit/runtime/metrics_util.py", line 173, in _get_machine_id_v3
    machine_id = f.read()
                 ^^^^^^^^
  File "<frozen codecs>", line 322, in decode
UnicodeDecodeError: 'utf-8' codec can't decode bytes in position 25-26: invalid continuation byte
Loading Excel file with sheets: ['Guests (UAE)', 'Guests Online (KSA)']
Loaded Guests (UAE): (204, 45)
Text column 'A1': 40 responses
Text column 'A2-A': 6 responses
Text column 'B2-B': 184 responses
Text column 'C2-A-a': 10 responses
Text column 'C2-B': 169 responses
Text column 'C4-B': 175 responses
Text column 'D5': 168 responses
Final processed data for Guests (UAE): 200 responses
Processed Guests (UAE): (200, 46) - 200 actual responses
Loaded Guests Online (KSA): (204, 45)
Text column 'A1': 85 responses
Text column 'A2-A': 21 responses
Text column 'B-A-a': 10 responses
Text column 'B2-B': 173 responses
Text column 'C2-A-a': 24 responses
Text column 'C2-B': 173 responses
Text column 'C4-B': 168 responses
Text column 'D5': 174 responses
Final processed data for Guests Online (KSA): 200 responses
Processed Guests Online (KSA): (200, 46) - 200 actual responses
  Stopping...
