2025-09-12 01:28:23,157 INFO RPC interface 'supervisor' initialized
2025-09-12 01:28:23,158 CRIT Server 'unix_http_server' running without any HTTP authentication checking
2025-09-12 01:28:23,160 INFO daemonizing the supervisord process
2025-09-12 01:28:23,161 INFO supervisord started with pid 46206
2025-09-12 01:28:24,165 INFO spawned: 'streamlit' with pid 46208
2025-09-12 01:28:25,167 INFO success: streamlit entered RUNNING state, process has stayed up for > than 1 seconds (startsecs)
2025-09-12 01:30:42,232 INFO waiting for streamlit to stop
2025-09-12 01:30:44,233 INFO waiting for streamlit to stop
2025-09-12 01:30:44,894 INFO stopped: streamlit (exit status 0)
2025-09-12 01:30:44,909 INFO spawned: 'streamlit' with pid 46443
2025-09-12 01:30:45,912 INFO success: streamlit entered RUNNING state, process has stayed up for > than 1 seconds (startsecs)
2025-09-12 01:31:56,209 INFO waiting for streamlit to stop
2025-09-12 01:31:57,139 INFO stopped: streamlit (exit status 0)
2025-09-12 01:31:57,151 INFO spawned: 'streamlit' with pid 46623
2025-09-12 01:31:58,153 INFO success: streamlit entered RUNNING state, process has stayed up for > than 1 seconds (startsecs)
2025-09-12 01:36:34,876 WARN received SIGTERM indicating exit request
2025-09-12 01:36:34,877 INFO waiting for streamlit to die
2025-09-12 01:36:36,446 INFO stopped: streamlit (exit status 0)
2025-09-12 01:38:04,882 INFO RPC interface 'supervisor' initialized
2025-09-12 01:38:04,882 CRIT Server 'unix_http_server' running without any HTTP authentication checking
2025-09-12 01:38:04,884 INFO daemonizing the supervisord process
2025-09-12 01:38:04,885 INFO supervisord started with pid 46793
2025-09-12 01:38:05,889 INFO spawned: 'streamlit' with pid 46794
2025-09-12 01:38:06,891 INFO success: streamlit entered RUNNING state, process has stayed up for > than 1 seconds (startsecs)
2025-09-12 01:43:03,501 INFO waiting for streamlit to stop
2025-09-12 01:43:04,293 INFO stopped: streamlit (exit status 0)
2025-09-12 01:43:04,298 INFO spawned: 'streamlit' with pid 47069
2025-09-12 01:43:06,070 INFO success: streamlit entered RUNNING state, process has stayed up for > than 1 seconds (startsecs)
2025-09-12 02:08:36,798 INFO waiting for streamlit to stop
2025-09-12 02:08:37,465 INFO stopped: streamlit (exit status 0)
2025-09-12 02:08:37,469 INFO spawned: 'streamlit' with pid 48730
2025-09-12 02:08:39,216 INFO success: streamlit entered RUNNING state, process has stayed up for > than 1 seconds (startsecs)
2025-09-12 02:35:27,531 INFO waiting for streamlit to stop
2025-09-12 02:35:28,176 INFO stopped: streamlit (exit status 0)
2025-09-12 02:35:28,181 INFO spawned: 'streamlit' with pid 50476
2025-09-12 02:35:29,904 INFO success: streamlit entered RUNNING state, process has stayed up for > than 1 seconds (startsecs)
2025-09-12 02:37:43,335 INFO waiting for streamlit to stop
2025-09-12 02:37:43,959 INFO stopped: streamlit (exit status 0)
2025-09-12 02:37:43,963 INFO spawned: 'streamlit' with pid 50959
2025-09-12 02:37:45,669 INFO success: streamlit entered RUNNING state, process has stayed up for > than 1 seconds (startsecs)
2025-09-12 02:46:43,522 INFO exited: streamlit (exit status 0; expected)
2025-09-12 02:46:44,526 INFO spawned: 'streamlit' with pid 52484
2025-09-12 02:46:45,914 INFO success: streamlit entered RUNNING state, process has stayed up for > than 1 seconds (startsecs)
2025-09-12 19:18:00,223 WARN exited: streamlit (terminated by SIGKILL; not expected)
2025-09-12 19:18:01,232 INFO spawned: 'streamlit' with pid 111037
2025-09-12 19:18:02,814 INFO success: streamlit entered RUNNING state, process has stayed up for > than 1 seconds (startsecs)
2025-09-12 21:29:47,160 INFO RPC interface 'supervisor' initialized
2025-09-12 21:29:47,160 CRIT Server 'unix_http_server' running without any HTTP authentication checking
2025-09-12 21:29:47,163 INFO daemonizing the supervisord process
2025-09-12 21:29:47,164 INFO supervisord started with pid 128724
2025-09-12 21:29:48,167 INFO spawned: 'streamlit_dashboard' with pid 128726
2025-09-12 21:29:49,708 INFO success: streamlit_dashboard entered RUNNING state, process has stayed up for > than 1 seconds (startsecs)
2025-09-12 21:43:33,829 INFO waiting for streamlit_dashboard to stop
2025-09-12 21:43:34,550 INFO stopped: streamlit_dashboard (exit status 0)
2025-09-12 21:43:34,555 INFO spawned: 'streamlit_dashboard' with pid 130016
2025-09-12 21:43:36,315 INFO success: streamlit_dashboard entered RUNNING state, process has stayed up for > than 1 seconds (startsecs)
2025-09-12 21:48:12,900 INFO waiting for streamlit_dashboard to stop
2025-09-12 21:48:13,549 INFO stopped: streamlit_dashboard (exit status 0)
2025-09-12 21:48:13,553 INFO spawned: 'streamlit_dashboard' with pid 130783
2025-09-12 21:48:15,255 INFO success: streamlit_dashboard entered RUNNING state, process has stayed up for > than 1 seconds (startsecs)
2025-09-12 22:12:20,512 INFO waiting for streamlit_dashboard to stop
2025-09-12 22:12:21,114 INFO stopped: streamlit_dashboard (exit status 0)
2025-09-12 22:12:21,119 INFO spawned: 'streamlit_dashboard' with pid 132889
2025-09-12 22:12:22,732 INFO success: streamlit_dashboard entered RUNNING state, process has stayed up for > than 1 seconds (startsecs)
2025-09-12 22:25:45,895 INFO waiting for streamlit_dashboard to stop
2025-09-12 22:25:47,895 INFO waiting for streamlit_dashboard to stop
2025-09-12 22:25:48,503 INFO stopped: streamlit_dashboard (exit status 0)
2025-09-12 22:25:48,508 INFO spawned: 'streamlit_dashboard' with pid 134153
2025-09-12 22:25:50,045 INFO success: streamlit_dashboard entered RUNNING state, process has stayed up for > than 1 seconds (startsecs)
2025-09-12 22:26:07,693 INFO waiting for streamlit_dashboard to stop
2025-09-12 22:26:08,345 INFO stopped: streamlit_dashboard (exit status 0)
2025-09-12 22:26:15,227 INFO spawned: 'streamlit_dashboard' with pid 134236
2025-09-12 22:26:16,996 INFO success: streamlit_dashboard entered RUNNING state, process has stayed up for > than 1 seconds (startsecs)
