2025-09-11 20:05:13,348 INFO RPC interface 'supervisor' initialized
2025-09-11 20:05:13,348 CRIT Server 'unix_http_server' running without any HTTP authentication checking
2025-09-11 20:05:13,350 INFO daemonizing the supervisord process
2025-09-11 20:05:13,351 INFO supervisord started with pid 2403
2025-09-11 20:05:14,354 INFO spawned: 'survey-dashboard' with pid 2429
2025-09-11 20:05:15,357 INFO success: survey-dashboard entered RUNNING state, process has stayed up for > than 1 seconds (startsecs)
2025-09-11 20:07:33,431 INFO waiting for survey-dashboard to stop
2025-09-11 20:07:34,391 INFO stopped: survey-dashboard (exit status 0)
2025-09-11 20:07:34,395 INFO spawned: 'survey-dashboard' with pid 3328
2025-09-11 20:07:35,397 INFO success: survey-dashboard entered RUNNING state, process has stayed up for > than 1 seconds (startsecs)
2025-09-11 20:07:56,442 INFO waiting for survey-dashboard to stop
2025-09-11 20:07:57,452 INFO stopped: survey-dashboard (exit status 0)
2025-09-11 20:07:57,461 INFO spawned: 'survey-dashboard' with pid 3590
2025-09-11 20:07:58,464 INFO success: survey-dashboard entered RUNNING state, process has stayed up for > than 1 seconds (startsecs)
2025-09-11 20:08:20,359 INFO waiting for survey-dashboard to stop
2025-09-11 20:08:20,778 INFO stopped: survey-dashboard (exit status 0)
2025-09-11 20:08:20,782 INFO spawned: 'survey-dashboard' with pid 3668
2025-09-11 20:08:21,784 INFO success: survey-dashboard entered RUNNING state, process has stayed up for > than 1 seconds (startsecs)
2025-09-11 20:10:20,850 INFO waiting for survey-dashboard to stop
2025-09-11 20:10:21,322 INFO stopped: survey-dashboard (exit status 0)
2025-09-11 20:10:21,328 INFO spawned: 'survey-dashboard' with pid 4253
2025-09-11 20:10:22,330 INFO success: survey-dashboard entered RUNNING state, process has stayed up for > than 1 seconds (startsecs)
2025-09-11 20:13:26,437 INFO waiting for survey-dashboard to stop
2025-09-11 20:13:26,923 INFO stopped: survey-dashboard (exit status 0)
2025-09-11 20:13:26,931 INFO spawned: 'survey-dashboard' with pid 4919
2025-09-11 20:13:27,933 INFO success: survey-dashboard entered RUNNING state, process has stayed up for > than 1 seconds (startsecs)
2025-09-11 20:20:28,255 INFO waiting for survey-dashboard to stop
2025-09-11 20:20:28,753 INFO stopped: survey-dashboard (exit status 0)
2025-09-11 20:20:28,758 INFO spawned: 'survey-dashboard' with pid 5833
2025-09-11 20:20:29,760 INFO success: survey-dashboard entered RUNNING state, process has stayed up for > than 1 seconds (startsecs)
2025-09-11 20:20:58,654 INFO waiting for survey-dashboard to stop
2025-09-11 20:20:59,091 INFO stopped: survey-dashboard (exit status 0)
2025-09-11 20:20:59,096 INFO spawned: 'survey-dashboard' with pid 6134
2025-09-11 20:21:00,098 INFO success: survey-dashboard entered RUNNING state, process has stayed up for > than 1 seconds (startsecs)
2025-09-11 20:21:21,847 INFO waiting for survey-dashboard to stop
2025-09-11 20:21:22,311 INFO stopped: survey-dashboard (exit status 0)
2025-09-11 20:21:22,317 INFO spawned: 'survey-dashboard' with pid 6428
2025-09-11 20:21:23,318 INFO success: survey-dashboard entered RUNNING state, process has stayed up for > than 1 seconds (startsecs)
2025-09-11 20:22:04,592 INFO waiting for survey-dashboard to stop
2025-09-11 20:22:05,002 INFO stopped: survey-dashboard (exit status 0)
2025-09-11 20:22:05,010 INFO spawned: 'survey-dashboard' with pid 6510
2025-09-11 20:22:06,012 INFO success: survey-dashboard entered RUNNING state, process has stayed up for > than 1 seconds (startsecs)
