 * Serving Flask app 'app'
 * Debug mode: on
Loaded Guests (UAE): (203, 45)
Loaded Guests Online (KSA): (203, 45)
Error getting summary: '<' not supported between instances of 'str' and 'int'
 * Serving Flask app 'app'
 * Debug mode: on
Loaded Guests (UAE): (203, 45)
Loaded Guests Online (KSA): (203, 45)
Error getting summary: '<' not supported between instances of 'str' and 'int'
 * Serving Flask app 'app'
 * Debug mode: on
Loaded Guests (UAE): (203, 45)
Loaded Guests Online (KSA): (203, 45)
Error getting summary: '<' not supported between instances of 'str' and 'int'
 * Serving Flask app 'app'
 * Debug mode: on
Loaded Guests (UAE): (203, 45)
Loaded Guests Online (KSA): (203, 45)
 * Serving Flask app 'app'
 * Debug mode: on
 * Serving Flask app 'app'
 * Debug mode: on
Login attempt - Username: 'admin', Password length: 14
Login successful for user: admin
Login attempt - Username: 'admin', Password length: 14
Login successful for user: admin
Loaded Guests (UAE): (203, 45)
Loaded Guests (UAE): (203, 45)
Loaded Guests (UAE): (203, 45)
Loaded Guests Online (KSA): (203, 45)
Loaded Guests Online (KSA): (203, 45)
Loaded Guests Online (KSA): (203, 45)
 * Serving Flask app 'app'
 * Debug mode: on
 * Serving Flask app 'app'
 * Debug mode: on
Loading Excel file with sheets: ['Guests (UAE)', 'Guests Online (KSA)']
Loaded Guests (UAE): (203, 45)
Identified text column 'Please specify other purpose of your vis': 6 responses
Identified text column 'Please specify other reason for choosing': 4 responses
Identified text column 'Can you recall a hotel stay where entert': 173 responses
Identified text column 'Please specify other type of content did': 10 responses
Identified text column 'Was this content easily accessible or di': 161 responses
Identified text column 'What would have improved your rating': 167 responses
Identified text column 'Any suggestions to improve the in-room e': 161 responses
Processed Guests (UAE): (194, 46) with 21 questions
Loaded Guests Online (KSA): (203, 45)
Identified text column 'Please specify other purpose of your vis': 18 responses
Identified text column 'Please specify other reason for choosing': 8 responses
Identified text column 'Can you recall a hotel stay where entert': 168 responses
Identified text column 'Please specify other type of content did': 22 responses
Identified text column 'Was this content easily accessible or di': 164 responses
Identified text column 'What would have improved your rating': 163 responses
Identified text column 'Any suggestions to improve the in-room e': 169 responses
Processed Guests Online (KSA): (195, 46) with 21 questions
Error getting summary: '<' not supported between instances of 'str' and 'int'
 * Serving Flask app 'app'
 * Debug mode: on
Initializing Enhanced Data Processor...
Loading Excel file with sheets: ['Guests (UAE)', 'Guests Online (KSA)']
Loaded Guests (UAE): (203, 45)
Identified text column 'Please specify other purpose of your vis': 6 responses
Identified text column 'Please specify other reason for choosing': 4 responses
Identified text column 'Can you recall a hotel stay where entert': 173 responses
Identified text column 'Please specify other type of content did': 10 responses
Identified text column 'Was this content easily accessible or di': 161 responses
Identified text column 'What would have improved your rating': 167 responses
Identified text column 'Any suggestions to improve the in-room e': 161 responses
Processed Guests (UAE): (194, 46) with 21 questions
Loaded Guests Online (KSA): (203, 45)
Identified text column 'Please specify other purpose of your vis': 18 responses
Identified text column 'Please specify other reason for choosing': 8 responses
Identified text column 'Can you recall a hotel stay where entert': 168 responses
Identified text column 'Please specify other type of content did': 22 responses
Identified text column 'Was this content easily accessible or di': 164 responses
Identified text column 'What would have improved your rating': 163 responses
Identified text column 'Any suggestions to improve the in-room e': 169 responses
Processed Guests Online (KSA): (195, 46) with 21 questions
Data processor initialized successfully with 2 sheets
Error getting summary: '<' not supported between instances of 'str' and 'int'
Initializing Enhanced Data Processor...
Loading Excel file with sheets: ['Guests (UAE)', 'Guests Online (KSA)']
Loaded Guests (UAE): (203, 45)
Identified text column 'Please specify other purpose of your vis': 6 responses
Identified text column 'Please specify other reason for choosing': 4 responses
Identified text column 'Can you recall a hotel stay where entert': 173 responses
Identified text column 'Please specify other type of content did': 10 responses
Identified text column 'Was this content easily accessible or di': 161 responses
Identified text column 'What would have improved your rating': 167 responses
Identified text column 'Any suggestions to improve the in-room e': 161 responses
Processed Guests (UAE): (194, 46) with 21 questions
Loaded Guests Online (KSA): (203, 45)
Identified text column 'Please specify other purpose of your vis': 18 responses
Identified text column 'Please specify other reason for choosing': 8 responses
Identified text column 'Can you recall a hotel stay where entert': 168 responses
Identified text column 'Please specify other type of content did': 22 responses
Identified text column 'Was this content easily accessible or di': 164 responses
Identified text column 'What would have improved your rating': 163 responses
Identified text column 'Any suggestions to improve the in-room e': 169 responses
Processed Guests Online (KSA): (195, 46) with 21 questions
Data processor initialized successfully with 2 sheets
Error getting summary: '<' not supported between instances of 'str' and 'int'
 * Serving Flask app 'app'
 * Debug mode: on
Initializing Enhanced Data Processor...
Loading Excel file with sheets: ['Guests (UAE)', 'Guests Online (KSA)']
Loaded Guests (UAE): (203, 45)
Identified text column 'Please specify other purpose of your vis': 6 responses
Identified text column 'Please specify other reason for choosing': 4 responses
Identified text column 'Can you recall a hotel stay where entert': 173 responses
Identified text column 'Please specify other type of content did': 10 responses
Identified text column 'Was this content easily accessible or di': 161 responses
Identified text column 'What would have improved your rating': 167 responses
Identified text column 'Any suggestions to improve the in-room e': 161 responses
Processed Guests (UAE): (194, 46) with 21 questions
Loaded Guests Online (KSA): (203, 45)
Identified text column 'Please specify other purpose of your vis': 18 responses
Identified text column 'Please specify other reason for choosing': 8 responses
Identified text column 'Can you recall a hotel stay where entert': 168 responses
Identified text column 'Please specify other type of content did': 22 responses
Identified text column 'Was this content easily accessible or di': 164 responses
Identified text column 'What would have improved your rating': 163 responses
Identified text column 'Any suggestions to improve the in-room e': 169 responses
Processed Guests Online (KSA): (195, 46) with 21 questions
Data processor initialized successfully with 2 sheets
Initializing Enhanced Data Processor...
Loading Excel file with sheets: ['Guests (UAE)', 'Guests Online (KSA)']
Loaded Guests (UAE): (203, 45)
Identified text column 'Please specify other purpose of your vis': 6 responses
Identified text column 'Please specify other reason for choosing': 4 responses
Identified text column 'Can you recall a hotel stay where entert': 173 responses
Identified text column 'Please specify other type of content did': 10 responses
Identified text column 'Was this content easily accessible or di': 161 responses
Identified text column 'What would have improved your rating': 167 responses
Identified text column 'Any suggestions to improve the in-room e': 161 responses
Processed Guests (UAE): (194, 46) with 21 questions
Loaded Guests Online (KSA): (203, 45)
Identified text column 'Please specify other purpose of your vis': 18 responses
Identified text column 'Please specify other reason for choosing': 8 responses
Identified text column 'Can you recall a hotel stay where entert': 168 responses
Identified text column 'Please specify other type of content did': 22 responses
Identified text column 'Was this content easily accessible or di': 164 responses
Identified text column 'What would have improved your rating': 163 responses
Identified text column 'Any suggestions to improve the in-room e': 169 responses
Processed Guests Online (KSA): (195, 46) with 21 questions
Data processor initialized successfully with 2 sheets
Initializing Enhanced Data Processor...
Loading Excel file with sheets: ['Guests (UAE)', 'Guests Online (KSA)']
Loaded Guests (UAE): (203, 45)
Identified text column 'Please specify other purpose of your vis': 6 responses
Identified text column 'Please specify other reason for choosing': 4 responses
Identified text column 'Can you recall a hotel stay where entert': 173 responses
Identified text column 'Please specify other type of content did': 10 responses
Identified text column 'Was this content easily accessible or di': 161 responses
Identified text column 'What would have improved your rating': 167 responses
Identified text column 'Any suggestions to improve the in-room e': 161 responses
Processed Guests (UAE): (194, 46) with 21 questions
Loaded Guests Online (KSA): (203, 45)
Identified text column 'Please specify other purpose of your vis': 18 responses
Identified text column 'Please specify other reason for choosing': 8 responses
Identified text column 'Can you recall a hotel stay where entert': 168 responses
Identified text column 'Please specify other type of content did': 22 responses
Identified text column 'Was this content easily accessible or di': 164 responses
Identified text column 'What would have improved your rating': 163 responses
Identified text column 'Any suggestions to improve the in-room e': 169 responses
Processed Guests Online (KSA): (195, 46) with 21 questions
Data processor initialized successfully with 2 sheets
Initializing Enhanced Data Processor...
Loading Excel file with sheets: ['Guests (UAE)', 'Guests Online (KSA)']
Loaded Guests (UAE): (203, 45)
Identified text column 'Please specify other purpose of your vis': 6 responses
Identified text column 'Please specify other reason for choosing': 4 responses
Identified text column 'Can you recall a hotel stay where entert': 173 responses
Identified text column 'Please specify other type of content did': 10 responses
Identified text column 'Was this content easily accessible or di': 161 responses
Identified text column 'What would have improved your rating': 167 responses
Identified text column 'Any suggestions to improve the in-room e': 161 responses
Processed Guests (UAE): (194, 46) with 21 questions
Loaded Guests Online (KSA): (203, 45)
Identified text column 'Please specify other purpose of your vis': 18 responses
Identified text column 'Please specify other reason for choosing': 8 responses
Identified text column 'Can you recall a hotel stay where entert': 168 responses
Identified text column 'Please specify other type of content did': 22 responses
Identified text column 'Was this content easily accessible or di': 164 responses
Identified text column 'What would have improved your rating': 163 responses
Identified text column 'Any suggestions to improve the in-room e': 169 responses
Processed Guests Online (KSA): (195, 46) with 21 questions
Data processor initialized successfully with 2 sheets
Login attempt - Username: 'admin', Password length: 14
Login successful for user: admin
Initializing Enhanced Data Processor...
Loading Excel file with sheets: ['Guests (UAE)', 'Guests Online (KSA)']
Loaded Guests (UAE): (203, 45)
Identified text column 'Please specify other purpose of your vis': 6 responses
Identified text column 'Please specify other reason for choosing': 4 responses
Identified text column 'Can you recall a hotel stay where entert': 173 responses
Identified text column 'Please specify other type of content did': 10 responses
Identified text column 'Was this content easily accessible or di': 161 responses
Identified text column 'What would have improved your rating': 167 responses
Identified text column 'Any suggestions to improve the in-room e': 161 responses
Processed Guests (UAE): (194, 46) with 21 questions
Loaded Guests Online (KSA): (203, 45)
Identified text column 'Please specify other purpose of your vis': 18 responses
Identified text column 'Please specify other reason for choosing': 8 responses
Identified text column 'Can you recall a hotel stay where entert': 168 responses
Identified text column 'Please specify other type of content did': 22 responses
Identified text column 'Was this content easily accessible or di': 164 responses
Identified text column 'What would have improved your rating': 163 responses
Identified text column 'Any suggestions to improve the in-room e': 169 responses
Processed Guests Online (KSA): (195, 46) with 21 questions
Data processor initialized successfully with 2 sheets
Initializing Enhanced Data Processor...
Loading Excel file with sheets: ['Guests (UAE)', 'Guests Online (KSA)']
Loaded Guests (UAE): (203, 45)
Identified text column 'Please specify other purpose of your vis': 6 responses
Identified text column 'Please specify other reason for choosing': 4 responses
Identified text column 'Can you recall a hotel stay where entert': 173 responses
Identified text column 'Please specify other type of content did': 10 responses
Identified text column 'Was this content easily accessible or di': 161 responses
Identified text column 'What would have improved your rating': 167 responses
Identified text column 'Any suggestions to improve the in-room e': 161 responses
Processed Guests (UAE): (194, 46) with 21 questions
Loaded Guests Online (KSA): (203, 45)
Identified text column 'Please specify other purpose of your vis': 18 responses
Identified text column 'Please specify other reason for choosing': 8 responses
Identified text column 'Can you recall a hotel stay where entert': 168 responses
Identified text column 'Please specify other type of content did': 22 responses
Identified text column 'Was this content easily accessible or di': 164 responses
Identified text column 'What would have improved your rating': 163 responses
Identified text column 'Any suggestions to improve the in-room e': 169 responses
Processed Guests Online (KSA): (195, 46) with 21 questions
Data processor initialized successfully with 2 sheets
Initializing Enhanced Data Processor...
Loading Excel file with sheets: ['Guests (UAE)', 'Guests Online (KSA)']
Initializing Enhanced Data Processor...
Initializing Enhanced Data Processor...
Loaded Guests (UAE): (203, 45)
Identified text column 'Please specify other purpose of your vis': 6 responses
Identified text column 'Please specify other reason for choosing': 4 responses
Identified text column 'Can you recall a hotel stay where entert': 173 responses
Identified text column 'Please specify other type of content did': 10 responses
Identified text column 'Was this content easily accessible or di': 161 responses
Identified text column 'What would have improved your rating': 167 responses
Identified text column 'Any suggestions to improve the in-room e': 161 responses
Processed Guests (UAE): (194, 46) with 21 questions
Loading Excel file with sheets: ['Guests (UAE)', 'Guests Online (KSA)']
Loading Excel file with sheets: ['Guests (UAE)', 'Guests Online (KSA)']
Loaded Guests Online (KSA): (203, 45)
Identified text column 'Please specify other purpose of your vis': 18 responses
Identified text column 'Please specify other reason for choosing': 8 responses
Identified text column 'Can you recall a hotel stay where entert': 168 responses
Identified text column 'Please specify other type of content did': 22 responses
Identified text column 'Was this content easily accessible or di': 164 responses
Identified text column 'What would have improved your rating': 163 responses
Identified text column 'Any suggestions to improve the in-room e': 169 responses
Processed Guests Online (KSA): (195, 46) with 21 questions
Data processor initialized successfully with 2 sheets
Loaded Guests (UAE): (203, 45)
Identified text column 'Please specify other purpose of your vis': 6 responses
Identified text column 'Please specify other reason for choosing': 4 responses
Identified text column 'Can you recall a hotel stay where entert': 173 responses
Identified text column 'Please specify other type of content did': 10 responses
Identified text column 'Was this content easily accessible or di': 161 responses
Identified text column 'What would have improved your rating': 167 responses
Identified text column 'Any suggestions to improve the in-room e': 161 responses
Processed Guests (UAE): (194, 46) with 21 questions
Loaded Guests (UAE): (203, 45)
Identified text column 'Please specify other purpose of your vis': 6 responses
Identified text column 'Please specify other reason for choosing': 4 responses
Identified text column 'Can you recall a hotel stay where entert': 173 responses
Identified text column 'Please specify other type of content did': 10 responses
Identified text column 'Was this content easily accessible or di': 161 responses
Identified text column 'What would have improved your rating': 167 responses
Identified text column 'Any suggestions to improve the in-room e': 161 responses
Processed Guests (UAE): (194, 46) with 21 questions
Loaded Guests Online (KSA): (203, 45)
Identified text column 'Please specify other purpose of your vis': 18 responses
Identified text column 'Please specify other reason for choosing': 8 responses
Identified text column 'Can you recall a hotel stay where entert': 168 responses
Identified text column 'Please specify other type of content did': 22 responses
Identified text column 'Was this content easily accessible or di': 164 responses
Identified text column 'What would have improved your rating': 163 responses
Identified text column 'Any suggestions to improve the in-room e': 169 responses
Processed Guests Online (KSA): (195, 46) with 21 questions
Data processor initialized successfully with 2 sheets
Loaded Guests Online (KSA): (203, 45)
Identified text column 'Please specify other purpose of your vis': 18 responses
Identified text column 'Please specify other reason for choosing': 8 responses
Identified text column 'Can you recall a hotel stay where entert': 168 responses
Identified text column 'Please specify other type of content did': 22 responses
Identified text column 'Was this content easily accessible or di': 164 responses
Identified text column 'What would have improved your rating': 163 responses
Identified text column 'Any suggestions to improve the in-room e': 169 responses
Processed Guests Online (KSA): (195, 46) with 21 questions
Data processor initialized successfully with 2 sheets
Initializing Enhanced Data Processor...
Loading Excel file with sheets: ['Guests (UAE)', 'Guests Online (KSA)']
Loaded Guests (UAE): (203, 45)
Identified text column 'Please specify other purpose of your vis': 6 responses
Identified text column 'Please specify other reason for choosing': 4 responses
Identified text column 'Can you recall a hotel stay where entert': 173 responses
Identified text column 'Please specify other type of content did': 10 responses
Identified text column 'Was this content easily accessible or di': 161 responses
Identified text column 'What would have improved your rating': 167 responses
Identified text column 'Any suggestions to improve the in-room e': 161 responses
Processed Guests (UAE): (194, 46) with 21 questions
Loaded Guests Online (KSA): (203, 45)
Identified text column 'Please specify other purpose of your vis': 18 responses
Identified text column 'Please specify other reason for choosing': 8 responses
Identified text column 'Can you recall a hotel stay where entert': 168 responses
Identified text column 'Please specify other type of content did': 22 responses
Identified text column 'Was this content easily accessible or di': 164 responses
Identified text column 'What would have improved your rating': 163 responses
Identified text column 'Any suggestions to improve the in-room e': 169 responses
Processed Guests Online (KSA): (195, 46) with 21 questions
Data processor initialized successfully with 2 sheets
Initializing Enhanced Data Processor...
Loading Excel file with sheets: ['Guests (UAE)', 'Guests Online (KSA)']
Loaded Guests (UAE): (203, 45)
Identified text column 'Please specify other purpose of your vis': 6 responses
Identified text column 'Please specify other reason for choosing': 4 responses
Identified text column 'Can you recall a hotel stay where entert': 173 responses
Identified text column 'Please specify other type of content did': 10 responses
Identified text column 'Was this content easily accessible or di': 161 responses
Identified text column 'What would have improved your rating': 167 responses
Identified text column 'Any suggestions to improve the in-room e': 161 responses
Processed Guests (UAE): (194, 46) with 21 questions
Loaded Guests Online (KSA): (203, 45)
Identified text column 'Please specify other purpose of your vis': 18 responses
Identified text column 'Please specify other reason for choosing': 8 responses
Identified text column 'Can you recall a hotel stay where entert': 168 responses
Identified text column 'Please specify other type of content did': 22 responses
Identified text column 'Was this content easily accessible or di': 164 responses
Identified text column 'What would have improved your rating': 163 responses
Identified text column 'Any suggestions to improve the in-room e': 169 responses
Processed Guests Online (KSA): (195, 46) with 21 questions
Data processor initialized successfully with 2 sheets
Initializing Enhanced Data Processor...
Loading Excel file with sheets: ['Guests (UAE)', 'Guests Online (KSA)']
Loaded Guests (UAE): (203, 45)
Identified text column 'Please specify other purpose of your vis': 6 responses
Identified text column 'Please specify other reason for choosing': 4 responses
Identified text column 'Can you recall a hotel stay where entert': 173 responses
Identified text column 'Please specify other type of content did': 10 responses
Identified text column 'Was this content easily accessible or di': 161 responses
Identified text column 'What would have improved your rating': 167 responses
Identified text column 'Any suggestions to improve the in-room e': 161 responses
Processed Guests (UAE): (194, 46) with 21 questions
Loaded Guests Online (KSA): (203, 45)
Identified text column 'Please specify other purpose of your vis': 18 responses
Identified text column 'Please specify other reason for choosing': 8 responses
Identified text column 'Can you recall a hotel stay where entert': 168 responses
Identified text column 'Please specify other type of content did': 22 responses
Identified text column 'Was this content easily accessible or di': 164 responses
Identified text column 'What would have improved your rating': 163 responses
Identified text column 'Any suggestions to improve the in-room e': 169 responses
Processed Guests Online (KSA): (195, 46) with 21 questions
Data processor initialized successfully with 2 sheets
Initializing Enhanced Data Processor...
Loading Excel file with sheets: ['Guests (UAE)', 'Guests Online (KSA)']
Loaded Guests (UAE): (203, 45)
Identified text column 'Please specify other purpose of your vis': 6 responses
Identified text column 'Please specify other reason for choosing': 4 responses
Identified text column 'Can you recall a hotel stay where entert': 173 responses
Identified text column 'Please specify other type of content did': 10 responses
Identified text column 'Was this content easily accessible or di': 161 responses
Identified text column 'What would have improved your rating': 167 responses
Identified text column 'Any suggestions to improve the in-room e': 161 responses
Processed Guests (UAE): (194, 46) with 21 questions
Loaded Guests Online (KSA): (203, 45)
Identified text column 'Please specify other purpose of your vis': 18 responses
Identified text column 'Please specify other reason for choosing': 8 responses
Identified text column 'Can you recall a hotel stay where entert': 168 responses
Identified text column 'Please specify other type of content did': 22 responses
Identified text column 'Was this content easily accessible or di': 164 responses
Identified text column 'What would have improved your rating': 163 responses
Identified text column 'Any suggestions to improve the in-room e': 169 responses
Processed Guests Online (KSA): (195, 46) with 21 questions
Data processor initialized successfully with 2 sheets
Initializing Enhanced Data Processor...
Loading Excel file with sheets: ['Guests (UAE)', 'Guests Online (KSA)']
Loaded Guests (UAE): (203, 45)
Identified text column 'Please specify other purpose of your vis': 6 responses
Identified text column 'Please specify other reason for choosing': 4 responses
Identified text column 'Can you recall a hotel stay where entert': 173 responses
Identified text column 'Please specify other type of content did': 10 responses
Identified text column 'Was this content easily accessible or di': 161 responses
Identified text column 'What would have improved your rating': 167 responses
Identified text column 'Any suggestions to improve the in-room e': 161 responses
Processed Guests (UAE): (194, 46) with 21 questions
Loaded Guests Online (KSA): (203, 45)
Identified text column 'Please specify other purpose of your vis': 18 responses
Identified text column 'Please specify other reason for choosing': 8 responses
Identified text column 'Can you recall a hotel stay where entert': 168 responses
Identified text column 'Please specify other type of content did': 22 responses
Identified text column 'Was this content easily accessible or di': 164 responses
Identified text column 'What would have improved your rating': 163 responses
Identified text column 'Any suggestions to improve the in-room e': 169 responses
Processed Guests Online (KSA): (195, 46) with 21 questions
Data processor initialized successfully with 2 sheets
Initializing Enhanced Data Processor...
Loading Excel file with sheets: ['Guests (UAE)', 'Guests Online (KSA)']
Loaded Guests (UAE): (203, 45)
Identified text column 'Please specify other purpose of your vis': 6 responses
Identified text column 'Please specify other reason for choosing': 4 responses
Identified text column 'Can you recall a hotel stay where entert': 173 responses
Identified text column 'Please specify other type of content did': 10 responses
Identified text column 'Was this content easily accessible or di': 161 responses
Identified text column 'What would have improved your rating': 167 responses
Identified text column 'Any suggestions to improve the in-room e': 161 responses
Processed Guests (UAE): (194, 46) with 21 questions
Loaded Guests Online (KSA): (203, 45)
Identified text column 'Please specify other purpose of your vis': 18 responses
Identified text column 'Please specify other reason for choosing': 8 responses
Identified text column 'Can you recall a hotel stay where entert': 168 responses
Identified text column 'Please specify other type of content did': 22 responses
Identified text column 'Was this content easily accessible or di': 164 responses
Identified text column 'What would have improved your rating': 163 responses
Identified text column 'Any suggestions to improve the in-room e': 169 responses
Processed Guests Online (KSA): (195, 46) with 21 questions
Data processor initialized successfully with 2 sheets
Error getting raw data: 'EnhancedSurveyDataProcessor' object has no attribute 'get_raw_data_json'
Initializing Enhanced Data Processor...
Loading Excel file with sheets: ['Guests (UAE)', 'Guests Online (KSA)']
Loaded Guests (UAE): (203, 45)
Identified text column 'Please specify other purpose of your vis': 6 responses
Identified text column 'Please specify other reason for choosing': 4 responses
Identified text column 'Can you recall a hotel stay where entert': 173 responses
Identified text column 'Please specify other type of content did': 10 responses
Identified text column 'Was this content easily accessible or di': 161 responses
Identified text column 'What would have improved your rating': 167 responses
Identified text column 'Any suggestions to improve the in-room e': 161 responses
Processed Guests (UAE): (194, 46) with 21 questions
Loaded Guests Online (KSA): (203, 45)
Identified text column 'Please specify other purpose of your vis': 18 responses
Identified text column 'Please specify other reason for choosing': 8 responses
Identified text column 'Can you recall a hotel stay where entert': 168 responses
Identified text column 'Please specify other type of content did': 22 responses
Identified text column 'Was this content easily accessible or di': 164 responses
Identified text column 'What would have improved your rating': 163 responses
Identified text column 'Any suggestions to improve the in-room e': 169 responses
Processed Guests Online (KSA): (195, 46) with 21 questions
Data processor initialized successfully with 2 sheets
Error getting raw data: 'EnhancedSurveyDataProcessor' object has no attribute 'get_raw_data_json'
 * Serving Flask app 'app'
 * Debug mode: on
 * Serving Flask app 'app'
 * Debug mode: on
 * Serving Flask app 'app'
 * Debug mode: on
 * Serving Flask app 'app'
 * Debug mode: on
 * Serving Flask app 'app'
 * Debug mode: on
 * Serving Flask app 'app'
 * Debug mode: on
 * Serving Flask app 'app'
 * Debug mode: on
 * Serving Flask app 'app'
 * Debug mode: on
 * Serving Flask app 'app'
 * Debug mode: on
 * Serving Flask app 'app'
 * Debug mode: on
 * Serving Flask app 'app'
 * Debug mode: on
 * Serving Flask app 'app'
 * Debug mode: on
 * Serving Flask app 'app'
 * Debug mode: on
 * Serving Flask app 'app'
 * Debug mode: on
 * Serving Flask app 'app'
 * Debug mode: on
 * Serving Flask app 'app'
 * Debug mode: on
 * Serving Flask app 'app'
 * Debug mode: on
 * Serving Flask app 'app'
 * Debug mode: on
 * Serving Flask app 'app'
 * Debug mode: on
 * Serving Flask app 'app'
 * Debug mode: on
 * Serving Flask app 'app'
 * Debug mode: on
 * Serving Flask app 'app'
 * Debug mode: on
 * Serving Flask app 'app'
 * Debug mode: on
 * Serving Flask app 'app'
 * Debug mode: on
 * Serving Flask app 'app'
 * Debug mode: on
 * Serving Flask app 'app'
 * Debug mode: on
 * Serving Flask app 'app'
 * Debug mode: on
 * Serving Flask app 'app'
 * Debug mode: on
 * Serving Flask app 'app'
 * Debug mode: on
 * Serving Flask app 'app'
 * Debug mode: on
 * Serving Flask app 'app'
 * Debug mode: on
 * Serving Flask app 'app'
 * Debug mode: on
 * Serving Flask app 'app'
 * Debug mode: on
 * Serving Flask app 'app'
 * Debug mode: on
 * Serving Flask app 'app'
 * Debug mode: on
 * Serving Flask app 'app'
 * Debug mode: on
 * Serving Flask app 'app'
 * Debug mode: on
 * Serving Flask app 'app'
 * Debug mode: on
 * Serving Flask app 'app'
 * Debug mode: on
 * Serving Flask app 'app'
 * Debug mode: on
 * Serving Flask app 'app'
 * Debug mode: on
 * Serving Flask app 'app'
 * Debug mode: on
 * Serving Flask app 'app'
 * Debug mode: on
 * Serving Flask app 'app'
 * Debug mode: on
 * Serving Flask app 'app'
 * Debug mode: on
 * Serving Flask app 'app'
 * Debug mode: on
 * Serving Flask app 'app'
 * Debug mode: on
 * Serving Flask app 'app'
 * Debug mode: on
 * Serving Flask app 'app'
 * Debug mode: on
 * Serving Flask app 'app'
 * Debug mode: on
 * Serving Flask app 'app'
 * Debug mode: on
 * Serving Flask app 'app'
 * Debug mode: on
 * Serving Flask app 'app'
 * Debug mode: on
 * Serving Flask app 'app'
 * Debug mode: on
 * Serving Flask app 'app'
 * Debug mode: on
 * Serving Flask app 'app'
 * Debug mode: on
 * Serving Flask app 'app'
 * Debug mode: on
 * Serving Flask app 'app'
 * Debug mode: on
 * Serving Flask app 'app'
 * Debug mode: on
 * Serving Flask app 'app'
 * Debug mode: on
 * Serving Flask app 'app'
 * Debug mode: on
 * Serving Flask app 'app'
 * Debug mode: on
 * Serving Flask app 'app'
 * Debug mode: on
 * Serving Flask app 'app'
 * Debug mode: on
 * Serving Flask app 'app'
 * Debug mode: on
 * Serving Flask app 'app'
 * Debug mode: on
 * Serving Flask app 'app'
 * Debug mode: on
 * Serving Flask app 'app'
 * Debug mode: on
 * Serving Flask app 'app'
 * Debug mode: on
 * Serving Flask app 'app'
 * Debug mode: on
 * Serving Flask app 'app'
 * Debug mode: on
 * Serving Flask app 'app'
 * Debug mode: on
 * Serving Flask app 'app'
 * Debug mode: on
 * Serving Flask app 'app'
 * Debug mode: on
 * Serving Flask app 'app'
 * Debug mode: on
 * Serving Flask app 'app'
 * Debug mode: on
 * Serving Flask app 'app'
 * Debug mode: on
 * Serving Flask app 'app'
 * Debug mode: on
 * Serving Flask app 'app'
 * Debug mode: on
 * Serving Flask app 'app'
 * Debug mode: on
 * Serving Flask app 'app'
 * Debug mode: on
 * Serving Flask app 'app'
 * Debug mode: on
 * Serving Flask app 'app'
 * Debug mode: on
 * Serving Flask app 'app'
 * Debug mode: on
 * Serving Flask app 'app'
 * Debug mode: on
 * Serving Flask app 'app'
 * Debug mode: on
 * Serving Flask app 'app'
 * Debug mode: on
 * Serving Flask app 'app'
 * Debug mode: on
 * Serving Flask app 'app'
 * Debug mode: on
 * Serving Flask app 'app'
 * Debug mode: on
 * Serving Flask app 'app'
 * Debug mode: on
 * Serving Flask app 'app'
 * Debug mode: on
 * Serving Flask app 'app'
 * Debug mode: on
 * Serving Flask app 'app'
 * Debug mode: on
 * Serving Flask app 'app'
 * Debug mode: on
 * Serving Flask app 'app'
 * Debug mode: on
 * Serving Flask app 'app'
 * Debug mode: on
 * Serving Flask app 'app'
 * Debug mode: on
 * Serving Flask app 'app'
 * Debug mode: on
 * Serving Flask app 'app'
 * Debug mode: on
 * Serving Flask app 'app'
 * Debug mode: on
 * Serving Flask app 'app'
 * Debug mode: on
 * Serving Flask app 'app'
 * Debug mode: on
 * Serving Flask app 'app'
 * Debug mode: on
 * Serving Flask app 'app'
 * Debug mode: on
 * Serving Flask app 'app'
 * Debug mode: on
 * Serving Flask app 'app'
 * Debug mode: on
 * Serving Flask app 'app'
 * Debug mode: on
 * Serving Flask app 'app'
 * Debug mode: on
 * Serving Flask app 'app'
 * Debug mode: on
 * Serving Flask app 'app'
 * Debug mode: on
 * Serving Flask app 'app'
 * Debug mode: on
 * Serving Flask app 'app'
 * Debug mode: on
 * Serving Flask app 'app'
 * Debug mode: on
 * Serving Flask app 'app'
 * Debug mode: on
 * Serving Flask app 'app'
 * Debug mode: on
 * Serving Flask app 'app'
 * Debug mode: on
 * Serving Flask app 'app'
 * Debug mode: on
 * Serving Flask app 'app'
 * Debug mode: on
 * Serving Flask app 'app'
 * Debug mode: on
 * Serving Flask app 'app'
 * Debug mode: on
 * Serving Flask app 'app'
 * Debug mode: on
 * Serving Flask app 'app'
 * Debug mode: on
 * Serving Flask app 'app'
 * Debug mode: on
 * Serving Flask app 'app'
 * Debug mode: on
 * Serving Flask app 'app'
 * Debug mode: on
 * Serving Flask app 'app'
 * Debug mode: on
 * Serving Flask app 'app'
 * Debug mode: on
 * Serving Flask app 'app'
 * Debug mode: on
 * Serving Flask app 'app'
 * Debug mode: on
 * Serving Flask app 'app'
 * Debug mode: on
 * Serving Flask app 'app'
 * Debug mode: on
 * Serving Flask app 'app'
 * Debug mode: on
 * Serving Flask app 'app'
 * Debug mode: on
 * Serving Flask app 'app'
 * Debug mode: on
 * Serving Flask app 'app'
 * Debug mode: on
 * Serving Flask app 'app'
 * Debug mode: on
 * Serving Flask app 'app'
 * Debug mode: on
 * Serving Flask app 'app'
 * Debug mode: on
 * Serving Flask app 'app'
 * Debug mode: on
 * Serving Flask app 'app'
 * Debug mode: on
 * Serving Flask app 'app'
 * Debug mode: on
 * Serving Flask app 'app'
 * Debug mode: on
 * Serving Flask app 'app'
 * Debug mode: on
 * Serving Flask app 'app'
 * Debug mode: on
 * Serving Flask app 'app'
 * Debug mode: on
 * Serving Flask app 'app'
 * Debug mode: on
 * Serving Flask app 'app'
 * Debug mode: on
 * Serving Flask app 'app'
 * Debug mode: on
 * Serving Flask app 'app'
 * Debug mode: on
 * Serving Flask app 'app'
 * Debug mode: on
 * Serving Flask app 'app'
 * Debug mode: on
 * Serving Flask app 'app'
 * Debug mode: on
 * Serving Flask app 'app'
 * Debug mode: on
 * Serving Flask app 'app'
 * Debug mode: on
 * Serving Flask app 'app'
 * Debug mode: on
 * Serving Flask app 'app'
 * Debug mode: on
 * Serving Flask app 'app'
 * Debug mode: on
 * Serving Flask app 'app'
 * Debug mode: on
 * Serving Flask app 'app'
 * Debug mode: on
 * Serving Flask app 'app'
 * Debug mode: on
 * Serving Flask app 'app'
 * Debug mode: on
 * Serving Flask app 'app'
 * Debug mode: on
 * Serving Flask app 'app'
 * Debug mode: on
 * Serving Flask app 'app'
 * Debug mode: on
 * Serving Flask app 'app'
 * Debug mode: on
 * Serving Flask app 'app'
 * Debug mode: on
 * Serving Flask app 'app'
 * Debug mode: on
 * Serving Flask app 'app'
 * Debug mode: on
 * Serving Flask app 'app'
 * Debug mode: on
 * Serving Flask app 'app'
 * Debug mode: on
 * Serving Flask app 'app'
 * Debug mode: on
 * Serving Flask app 'app'
 * Debug mode: on
 * Serving Flask app 'app'
 * Debug mode: on
 * Serving Flask app 'app'
 * Debug mode: on
 * Serving Flask app 'app'
 * Debug mode: on
 * Serving Flask app 'app'
 * Debug mode: on
 * Serving Flask app 'app'
 * Debug mode: on
 * Serving Flask app 'app'
 * Debug mode: on
 * Serving Flask app 'app'
 * Debug mode: on
 * Serving Flask app 'app'
 * Debug mode: on
 * Serving Flask app 'app'
 * Debug mode: on
 * Serving Flask app 'app'
 * Debug mode: on
 * Serving Flask app 'app'
 * Debug mode: on
 * Serving Flask app 'app'
 * Debug mode: on
 * Serving Flask app 'app'
 * Debug mode: on
 * Serving Flask app 'app'
 * Debug mode: on
 * Serving Flask app 'app'
 * Debug mode: on
 * Serving Flask app 'app'
 * Debug mode: on
 * Serving Flask app 'app'
 * Debug mode: on
 * Serving Flask app 'app'
 * Debug mode: on
 * Serving Flask app 'app'
 * Debug mode: on
 * Serving Flask app 'app'
 * Debug mode: on
 * Serving Flask app 'app'
 * Debug mode: on
 * Serving Flask app 'app'
 * Debug mode: on
 * Serving Flask app 'app'
 * Debug mode: on
 * Serving Flask app 'app'
 * Debug mode: on
 * Serving Flask app 'app'
 * Debug mode: on
 * Serving Flask app 'app'
 * Debug mode: on
 * Serving Flask app 'app'
 * Debug mode: on
 * Serving Flask app 'app'
 * Debug mode: on
 * Serving Flask app 'app'
 * Debug mode: on
 * Serving Flask app 'app'
 * Debug mode: on
 * Serving Flask app 'app'
 * Debug mode: on
 * Serving Flask app 'app'
 * Debug mode: on
 * Serving Flask app 'app'
 * Debug mode: on
 * Serving Flask app 'app'
 * Debug mode: on
 * Serving Flask app 'app'
 * Debug mode: on
 * Serving Flask app 'app'
 * Debug mode: on
 * Serving Flask app 'app'
 * Debug mode: on
 * Serving Flask app 'app'
 * Debug mode: on
 * Serving Flask app 'app'
 * Debug mode: on
 * Serving Flask app 'app'
 * Debug mode: on
 * Serving Flask app 'app'
 * Debug mode: on
 * Serving Flask app 'app'
 * Debug mode: on
 * Serving Flask app 'app'
 * Debug mode: on
 * Serving Flask app 'app'
 * Debug mode: on
 * Serving Flask app 'app'
 * Debug mode: on
 * Serving Flask app 'app'
 * Debug mode: on
 * Serving Flask app 'app'
 * Debug mode: on
 * Serving Flask app 'app'
 * Debug mode: on
 * Serving Flask app 'app'
 * Debug mode: on
 * Serving Flask app 'app'
 * Debug mode: on
 * Serving Flask app 'app'
 * Debug mode: on
 * Serving Flask app 'app'
 * Debug mode: on
 * Serving Flask app 'app'
 * Debug mode: on
 * Serving Flask app 'app'
 * Debug mode: on
 * Serving Flask app 'app'
 * Debug mode: on
 * Serving Flask app 'app'
 * Debug mode: on
 * Serving Flask app 'app'
 * Debug mode: on
 * Serving Flask app 'app'
 * Debug mode: on
 * Serving Flask app 'app'
 * Debug mode: on
 * Serving Flask app 'app'
 * Debug mode: on
 * Serving Flask app 'app'
 * Debug mode: on
 * Serving Flask app 'app'
 * Debug mode: on
 * Serving Flask app 'app'
 * Debug mode: on
 * Serving Flask app 'app'
 * Debug mode: on
 * Serving Flask app 'app'
 * Debug mode: on
 * Serving Flask app 'app'
 * Debug mode: on
 * Serving Flask app 'app'
 * Debug mode: on
 * Serving Flask app 'app'
 * Debug mode: on
 * Serving Flask app 'app'
 * Debug mode: on
 * Serving Flask app 'app'
 * Debug mode: on
 * Serving Flask app 'app'
 * Debug mode: on
 * Serving Flask app 'app'
 * Debug mode: on
 * Serving Flask app 'app'
 * Debug mode: on
 * Serving Flask app 'app'
 * Debug mode: on
 * Serving Flask app 'app'
 * Debug mode: on
 * Serving Flask app 'app'
 * Debug mode: on
 * Serving Flask app 'app'
 * Debug mode: on
 * Serving Flask app 'app'
 * Debug mode: on
 * Serving Flask app 'app'
 * Debug mode: on
 * Serving Flask app 'app'
 * Debug mode: on
 * Serving Flask app 'app'
 * Debug mode: on
 * Serving Flask app 'app'
 * Debug mode: on
 * Serving Flask app 'app'
 * Debug mode: on
 * Serving Flask app 'app'
 * Debug mode: on
 * Serving Flask app 'app'
 * Debug mode: on
 * Serving Flask app 'app'
 * Debug mode: on
 * Serving Flask app 'app'
 * Debug mode: on
 * Serving Flask app 'app'
 * Debug mode: on
 * Serving Flask app 'app'
 * Debug mode: on
 * Serving Flask app 'app'
 * Debug mode: on
 * Serving Flask app 'app'
 * Debug mode: on
 * Serving Flask app 'app'
 * Debug mode: on
 * Serving Flask app 'app'
 * Debug mode: on
 * Serving Flask app 'app'
 * Debug mode: on
 * Serving Flask app 'app'
 * Debug mode: on
 * Serving Flask app 'app'
 * Debug mode: on
 * Serving Flask app 'app'
 * Debug mode: on
 * Serving Flask app 'app'
 * Debug mode: on
 * Serving Flask app 'app'
 * Debug mode: on
 * Serving Flask app 'app'
 * Debug mode: on
 * Serving Flask app 'app'
 * Debug mode: on
 * Serving Flask app 'app'
 * Debug mode: on
 * Serving Flask app 'app'
 * Debug mode: on
 * Serving Flask app 'app'
 * Debug mode: on
 * Serving Flask app 'app'
 * Debug mode: on
 * Serving Flask app 'app'
 * Debug mode: on
 * Serving Flask app 'app'
 * Debug mode: on
 * Serving Flask app 'app'
 * Debug mode: on
 * Serving Flask app 'app'
 * Debug mode: on
 * Serving Flask app 'app'
 * Debug mode: on
 * Serving Flask app 'app'
 * Debug mode: on
 * Serving Flask app 'app'
 * Debug mode: on
 * Serving Flask app 'app'
 * Debug mode: on
 * Serving Flask app 'app'
 * Debug mode: on
 * Serving Flask app 'app'
 * Debug mode: on
 * Serving Flask app 'app'
 * Debug mode: on
 * Serving Flask app 'app'
 * Debug mode: on
 * Serving Flask app 'app'
 * Debug mode: on
 * Serving Flask app 'app'
 * Debug mode: on
 * Serving Flask app 'app'
 * Debug mode: on
 * Serving Flask app 'app'
 * Debug mode: on
 * Serving Flask app 'app'
 * Debug mode: on
 * Serving Flask app 'app'
 * Debug mode: on
 * Serving Flask app 'app'
 * Debug mode: on
 * Serving Flask app 'app'
 * Debug mode: on
 * Serving Flask app 'app'
 * Debug mode: on
 * Serving Flask app 'app'
 * Debug mode: on
 * Serving Flask app 'app'
 * Debug mode: on
 * Serving Flask app 'app'
 * Debug mode: on
 * Serving Flask app 'app'
 * Debug mode: on
 * Serving Flask app 'app'
 * Debug mode: on
 * Serving Flask app 'app'
 * Debug mode: on
 * Serving Flask app 'app'
 * Debug mode: on
 * Serving Flask app 'app'
 * Debug mode: on
 * Serving Flask app 'app'
 * Debug mode: on
 * Serving Flask app 'app'
 * Debug mode: on
 * Serving Flask app 'app'
 * Debug mode: on
 * Serving Flask app 'app'
 * Debug mode: on
 * Serving Flask app 'app'
 * Debug mode: on
 * Serving Flask app 'app'
 * Debug mode: on
 * Serving Flask app 'app'
 * Debug mode: on
 * Serving Flask app 'app'
 * Debug mode: on
 * Serving Flask app 'app'
 * Debug mode: on
 * Serving Flask app 'app'
 * Debug mode: on
 * Serving Flask app 'app'
 * Debug mode: on
 * Serving Flask app 'app'
 * Debug mode: on
 * Serving Flask app 'app'
 * Debug mode: on
 * Serving Flask app 'app'
 * Debug mode: on
 * Serving Flask app 'app'
 * Debug mode: on
 * Serving Flask app 'app'
 * Debug mode: on
 * Serving Flask app 'app'
 * Debug mode: on
 * Serving Flask app 'app'
 * Debug mode: on
 * Serving Flask app 'app'
 * Debug mode: on
 * Serving Flask app 'app'
 * Debug mode: on
 * Serving Flask app 'app'
 * Debug mode: on
 * Serving Flask app 'app'
 * Debug mode: on
 * Serving Flask app 'app'
 * Debug mode: on
 * Serving Flask app 'app'
 * Debug mode: on
 * Serving Flask app 'app'
 * Debug mode: on
 * Serving Flask app 'app'
 * Debug mode: on
 * Serving Flask app 'app'
 * Debug mode: on
 * Serving Flask app 'app'
 * Debug mode: on
 * Serving Flask app 'app'
 * Debug mode: on
 * Serving Flask app 'app'
 * Debug mode: on
 * Serving Flask app 'app'
 * Debug mode: on
 * Serving Flask app 'app'
 * Debug mode: on
 * Serving Flask app 'app'
 * Debug mode: on
 * Serving Flask app 'app'
 * Debug mode: on
 * Serving Flask app 'app'
 * Debug mode: on
 * Serving Flask app 'app'
 * Debug mode: on
 * Serving Flask app 'app'
 * Debug mode: on
 * Serving Flask app 'app'
 * Debug mode: on
 * Serving Flask app 'app'
 * Debug mode: on
 * Serving Flask app 'app'
 * Debug mode: on
 * Serving Flask app 'app'
 * Debug mode: on
 * Serving Flask app 'app'
 * Debug mode: on
 * Serving Flask app 'app'
 * Debug mode: on
 * Serving Flask app 'app'
 * Debug mode: on
 * Serving Flask app 'app'
 * Debug mode: on
 * Serving Flask app 'app'
 * Debug mode: on
 * Serving Flask app 'app'
 * Debug mode: on
 * Serving Flask app 'app'
 * Debug mode: on
 * Serving Flask app 'app'
 * Debug mode: on
 * Serving Flask app 'app'
 * Debug mode: on
 * Serving Flask app 'app'
 * Debug mode: on
 * Serving Flask app 'app'
 * Debug mode: on
 * Serving Flask app 'app'
 * Debug mode: on
 * Serving Flask app 'app'
 * Debug mode: on
 * Serving Flask app 'app'
 * Debug mode: on
 * Serving Flask app 'app'
 * Debug mode: on
 * Serving Flask app 'app'
 * Debug mode: on
 * Serving Flask app 'app'
 * Debug mode: on
 * Serving Flask app 'app'
 * Debug mode: on
 * Serving Flask app 'app'
 * Debug mode: on
 * Serving Flask app 'app'
 * Debug mode: on
 * Serving Flask app 'app'
 * Debug mode: on
 * Serving Flask app 'app'
 * Debug mode: on
 * Serving Flask app 'app'
 * Debug mode: on
 * Serving Flask app 'app'
 * Debug mode: on
 * Serving Flask app 'app'
 * Debug mode: on
 * Serving Flask app 'app'
 * Debug mode: on
 * Serving Flask app 'app'
 * Debug mode: on
 * Serving Flask app 'app'
 * Debug mode: on
 * Serving Flask app 'app'
 * Debug mode: on
 * Serving Flask app 'app'
 * Debug mode: on
 * Serving Flask app 'app'
 * Debug mode: on
 * Serving Flask app 'app'
 * Debug mode: on
 * Serving Flask app 'app'
 * Debug mode: on
 * Serving Flask app 'app'
 * Debug mode: on
 * Serving Flask app 'app'
 * Debug mode: on
 * Serving Flask app 'app'
 * Debug mode: on
 * Serving Flask app 'app'
 * Debug mode: on
 * Serving Flask app 'app'
 * Debug mode: on
 * Serving Flask app 'app'
 * Debug mode: on
 * Serving Flask app 'app'
 * Debug mode: on
 * Serving Flask app 'app'
 * Debug mode: on
 * Serving Flask app 'app'
 * Debug mode: on
 * Serving Flask app 'app'
 * Debug mode: on
 * Serving Flask app 'app'
 * Debug mode: on
 * Serving Flask app 'app'
 * Debug mode: on
 * Serving Flask app 'app'
 * Debug mode: on
 * Serving Flask app 'app'
 * Debug mode: on
 * Serving Flask app 'app'
 * Debug mode: on
 * Serving Flask app 'app'
 * Debug mode: on
 * Serving Flask app 'app'
 * Debug mode: on
 * Serving Flask app 'app'
 * Debug mode: on
 * Serving Flask app 'app'
 * Debug mode: on
 * Serving Flask app 'app'
 * Debug mode: on
 * Serving Flask app 'app'
 * Debug mode: on
 * Serving Flask app 'app'
 * Debug mode: on
 * Serving Flask app 'app'
 * Debug mode: on
 * Serving Flask app 'app'
 * Debug mode: on
 * Serving Flask app 'app'
 * Debug mode: on
 * Serving Flask app 'app'
 * Debug mode: on
 * Serving Flask app 'app'
 * Debug mode: on
 * Serving Flask app 'app'
 * Debug mode: on
 * Serving Flask app 'app'
 * Debug mode: on
 * Serving Flask app 'app'
 * Debug mode: on
 * Serving Flask app 'app'
 * Debug mode: on
 * Serving Flask app 'app'
 * Debug mode: on
 * Serving Flask app 'app'
 * Debug mode: on
 * Serving Flask app 'app'
 * Debug mode: on
 * Serving Flask app 'app'
 * Debug mode: on
 * Serving Flask app 'app'
 * Debug mode: on
 * Serving Flask app 'app'
 * Debug mode: on
 * Serving Flask app 'app'
 * Debug mode: on
 * Serving Flask app 'app'
 * Debug mode: on
 * Serving Flask app 'app'
 * Debug mode: on
 * Serving Flask app 'app'
 * Debug mode: on
 * Serving Flask app 'app'
 * Debug mode: on
 * Serving Flask app 'app'
 * Debug mode: on
 * Serving Flask app 'app'
 * Debug mode: on
 * Serving Flask app 'app'
 * Debug mode: on
 * Serving Flask app 'app'
 * Debug mode: on
 * Serving Flask app 'app'
 * Debug mode: on
 * Serving Flask app 'app'
 * Debug mode: on
 * Serving Flask app 'app'
 * Debug mode: on
 * Serving Flask app 'app'
 * Debug mode: on
 * Serving Flask app 'app'
 * Debug mode: on
 * Serving Flask app 'app'
 * Debug mode: on
 * Serving Flask app 'app'
 * Debug mode: on
 * Serving Flask app 'app'
 * Debug mode: on
 * Serving Flask app 'app'
 * Debug mode: on
 * Serving Flask app 'app'
 * Debug mode: on
 * Serving Flask app 'app'
 * Debug mode: on
 * Serving Flask app 'app'
 * Debug mode: on
 * Serving Flask app 'app'
 * Debug mode: on
 * Serving Flask app 'app'
 * Debug mode: on
 * Serving Flask app 'app'
 * Debug mode: on
 * Serving Flask app 'app'
 * Debug mode: on
 * Serving Flask app 'app'
 * Debug mode: on
 * Serving Flask app 'app'
 * Debug mode: on
 * Serving Flask app 'app'
 * Debug mode: on
 * Serving Flask app 'app'
 * Debug mode: on
 * Serving Flask app 'app'
 * Debug mode: on
 * Serving Flask app 'app'
 * Debug mode: on
 * Serving Flask app 'app'
 * Debug mode: on
 * Serving Flask app 'app'
 * Debug mode: on
 * Serving Flask app 'app'
 * Debug mode: on
 * Serving Flask app 'app'
 * Debug mode: on
 * Serving Flask app 'app'
 * Debug mode: on
 * Serving Flask app 'app'
 * Debug mode: on
 * Serving Flask app 'app'
 * Debug mode: on
 * Serving Flask app 'app'
 * Debug mode: on
 * Serving Flask app 'app'
 * Debug mode: on
 * Serving Flask app 'app'
 * Debug mode: on
 * Serving Flask app 'app'
 * Debug mode: on
 * Serving Flask app 'app'
 * Debug mode: on
 * Serving Flask app 'app'
 * Debug mode: on
 * Serving Flask app 'app'
 * Debug mode: on
 * Serving Flask app 'app'
 * Debug mode: on
 * Serving Flask app 'app'
 * Debug mode: on
 * Serving Flask app 'app'
 * Debug mode: on
 * Serving Flask app 'app'
 * Debug mode: on
 * Serving Flask app 'app'
 * Debug mode: on
 * Serving Flask app 'app'
 * Debug mode: on
 * Serving Flask app 'app'
 * Debug mode: on
 * Serving Flask app 'app'
 * Debug mode: on
 * Serving Flask app 'app'
 * Debug mode: on
 * Serving Flask app 'app'
 * Debug mode: on
 * Serving Flask app 'app'
 * Debug mode: on
 * Serving Flask app 'app'
 * Debug mode: on
 * Serving Flask app 'app'
 * Debug mode: on
 * Serving Flask app 'app'
 * Debug mode: on
 * Serving Flask app 'app'
 * Debug mode: on
 * Serving Flask app 'app'
 * Debug mode: on
Login attempt - Username: 'admin', Password length: 14
Login successful for user: admin
Initializing Optimized Data Processor...
Loading Excel file with sheets: ['Guests (UAE)', 'Guests Online (KSA)']
Loaded Guests (UAE): (204, 45)
Text column 'A1': 40 responses
Text column 'A2-A': 6 responses
Text column 'B2-B': 184 responses
Text column 'C2-A-a': 10 responses
Text column 'C2-B': 169 responses
Text column 'C4-B': 175 responses
Text column 'D5': 168 responses
Final processed data for Guests (UAE): 200 responses
Processed Guests (UAE): (200, 46) - 200 actual responses
Loaded Guests Online (KSA): (204, 45)
Text column 'A1': 85 responses
Text column 'A2-A': 21 responses
Text column 'B-A-a': 10 responses
Text column 'B2-B': 173 responses
Text column 'C2-A-a': 24 responses
Text column 'C2-B': 173 responses
Text column 'C4-B': 168 responses
Text column 'D5': 174 responses
Final processed data for Guests Online (KSA): 200 responses
Processed Guests Online (KSA): (200, 46) - 200 actual responses
Data processor initialized with 2 sheets
Initializing Optimized Analytics Engine...
Optimized analytics engine initialized successfully
Initializing Corrected Data Processor...
Loading Excel file with sheets: ['Guests (UAE)', 'Guests Online (KSA)']
Loaded Guests (UAE): (204, 45)
Text column 'A1': 40 responses
Text column 'A2-A': 6 responses
Text column 'B2-B': 184 responses
Text column 'C2-A-a': 10 responses
Text column 'C2-B': 169 responses
Text column 'C4-B': 175 responses
Text column 'D5': 168 responses
Final processed data for Guests (UAE): 200 responses
Processed Guests (UAE): (200, 46) - 200 actual responses
Loaded Guests Online (KSA): (204, 45)
Text column 'A1': 85 responses
Text column 'A2-A': 21 responses
Text column 'B-A-a': 10 responses
Text column 'B2-B': 173 responses
Text column 'C2-A-a': 24 responses
Text column 'C2-B': 173 responses
Text column 'C4-B': 168 responses
Text column 'D5': 174 responses
Final processed data for Guests Online (KSA): 200 responses
Processed Guests Online (KSA): (200, 46) - 200 actual responses
Data processor initialized successfully with 2 sheets
Initializing Corrected Data Processor...
Loading Excel file with sheets: ['Guests (UAE)', 'Guests Online (KSA)']
Loaded Guests (UAE): (204, 45)
Text column 'A1': 40 responses
Text column 'A2-A': 6 responses
Text column 'B2-B': 184 responses
Text column 'C2-A-a': 10 responses
Text column 'C2-B': 169 responses
Text column 'C4-B': 175 responses
Text column 'D5': 168 responses
Final processed data for Guests (UAE): 200 responses
Processed Guests (UAE): (200, 46) - 200 actual responses
Loaded Guests Online (KSA): (204, 45)
Text column 'A1': 85 responses
Text column 'A2-A': 21 responses
Text column 'B-A-a': 10 responses
Text column 'B2-B': 173 responses
Text column 'C2-A-a': 24 responses
Text column 'C2-B': 173 responses
Text column 'C4-B': 168 responses
Text column 'D5': 174 responses
Final processed data for Guests Online (KSA): 200 responses
Processed Guests Online (KSA): (200, 46) - 200 actual responses
Data processor initialized successfully with 2 sheets
Login attempt - Username: 'admin', Password length: 14
Login successful for user: admin
Initializing Corrected Data Processor...
Loading Excel file with sheets: ['Guests (UAE)', 'Guests Online (KSA)']
Loaded Guests (UAE): (204, 45)
Text column 'A1': 40 responses
Text column 'A2-A': 6 responses
Text column 'B2-B': 184 responses
Text column 'C2-A-a': 10 responses
Text column 'C2-B': 169 responses
Text column 'C4-B': 175 responses
Text column 'D5': 168 responses
Final processed data for Guests (UAE): 200 responses
Processed Guests (UAE): (200, 46) - 200 actual responses
Loaded Guests Online (KSA): (204, 45)
Text column 'A1': 85 responses
Text column 'A2-A': 21 responses
Text column 'B-A-a': 10 responses
Text column 'B2-B': 173 responses
Text column 'C2-A-a': 24 responses
Text column 'C2-B': 173 responses
Text column 'C4-B': 168 responses
Text column 'D5': 174 responses
Final processed data for Guests Online (KSA): 200 responses
Processed Guests Online (KSA): (200, 46) - 200 actual responses
Data processor initialized successfully with 2 sheets
Initializing Optimized Data Processor...
Initializing Optimized Data Processor...
Initializing Optimized Data Processor...
Loading Excel file with sheets: ['Guests (UAE)', 'Guests Online (KSA)']
Loading Excel file with sheets: ['Guests (UAE)', 'Guests Online (KSA)']
Loading Excel file with sheets: ['Guests (UAE)', 'Guests Online (KSA)']
Loaded Guests (UAE): (204, 45)
Text column 'A1': 40 responses
Loaded Guests (UAE): (204, 45)
Text column 'A2-A': 6 responses
Text column 'A1': 40 responses
Text column 'A2-A': 6 responses
Loaded Guests (UAE): (204, 45)
Text column 'B2-B': 184 responses
Text column 'A1': 40 responses
Text column 'A2-A': 6 responses
Text column 'B2-B': 184 responses
Text column 'C2-A-a': 10 responses
Text column 'C2-B': 169 responses
Text column 'C2-A-a': 10 responses
Text column 'C2-B': 169 responses
Text column 'B2-B': 184 responses
Text column 'C4-B': 175 responses
Text column 'C2-A-a': 10 responses
Text column 'C2-B': 169 responses
Text column 'C4-B': 175 responses
Text column 'D5': 168 responses
Text column 'C4-B': 175 responses
Text column 'D5': 168 responses
Text column 'D5': 168 responses
Final processed data for Guests (UAE): 200 responses
Processed Guests (UAE): (200, 46) - 200 actual responses
Final processed data for Guests (UAE): 200 responses
Processed Guests (UAE): (200, 46) - 200 actual responses
Final processed data for Guests (UAE): 200 responses
Processed Guests (UAE): (200, 46) - 200 actual responses
Loaded Guests Online (KSA): (204, 45)
Text column 'A1': 85 responses
Text column 'A2-A': 21 responses
Loaded Guests Online (KSA): (204, 45)
Text column 'A1': 85 responses
Text column 'A2-A': 21 responses
Loaded Guests Online (KSA): (204, 45)
Text column 'A1': 85 responses
Text column 'A2-A': 21 responses
Text column 'B-A-a': 10 responses
Text column 'B2-B': 173 responses
Text column 'B-A-a': 10 responses
Text column 'B-A-a': 10 responses
Text column 'B2-B': 173 responses
Text column 'B2-B': 173 responses
Text column 'C2-A-a': 24 responses
Text column 'C2-B': 173 responses
Text column 'C2-A-a': 24 responses
Text column 'C2-B': 173 responses
Text column 'C4-B': 168 responses
Text column 'C4-B': 168 responses
Text column 'C2-A-a': 24 responses
Text column 'C2-B': 173 responses
Text column 'D5': 174 responses
Text column 'D5': 174 responses
Text column 'C4-B': 168 responses
Text column 'D5': 174 responses
Final processed data for Guests Online (KSA): 200 responses
Processed Guests Online (KSA): (200, 46) - 200 actual responses
Data processor initialized with 2 sheets
Initializing Optimized Analytics Engine...
Final processed data for Guests Online (KSA): 200 responses
Processed Guests Online (KSA): (200, 46) - 200 actual responses
Data processor initialized with 2 sheets
Initializing Optimized Analytics Engine...
Optimized analytics engine initialized successfully
Optimized analytics engine initialized successfully
Final processed data for Guests Online (KSA): 200 responses
Processed Guests Online (KSA): (200, 46) - 200 actual responses
Data processor initialized with 2 sheets
Initializing Optimized Analytics Engine...
Optimized analytics engine initialized successfully
 * Serving Flask app 'app'
 * Debug mode: on
